Untracked paths:
  d /nix/.ro-store
  d /nix/.rw-store
  b /untracked-block
  c /untracked-char
  p /untracked-fifo
  f /untracked-file
  s /untracked-sock
  l /untracked-symlink
  d /var/lib/dhcpcd

Tracked by disabled modules:
  System { name: "lastlog2", enabled: false }
    f /var/lib/lastlog/lastlog2.db
    f /var/log/lastlog.migrated
  System { name: "nix", enabled: false }
    d /nix/store
    d /nix/var
  System { name: "nixos", enabled: false }
    l /bin/sh
    d /dev
    f /etc/.clean
    f /etc/NIXOS
    l /etc/bash_logout
    l /etc/bashrc
    l /etc/binfmt.d/nixos.conf
    l /etc/dbus-1
    l /etc/default/useradd
    l /etc/dhcpcd.exit-hook
    l /etc/environment.d/50-systemd-path.conf
    l /etc/fonts
    l /etc/fstab
    l /etc/gai.conf
    l /etc/gardener.json
    f /etc/group
    l /etc/host.conf
    l /etc/hostname
    l /etc/hosts
    l /etc/inputrc
    l /etc/issue
    l /etc/kbd
    l /etc/locale.conf
    l /etc/login.defs
    l /etc/lsb-release
    l /etc/lvm/lvm.conf
    f /etc/machine-id
    l /etc/man_db.conf
    l /etc/modprobe.d/debian.conf
    l /etc/modprobe.d/firmware.conf
    l /etc/modprobe.d/nixos.conf
    l /etc/modprobe.d/systemd.conf
    l /etc/modprobe.d/ubuntu.conf
    l /etc/modules-load.d/nixos.conf
    l /etc/mtab
    l /etc/nanorc
    l /etc/netgroup
    l /etc/nix/nix.conf
    l /etc/nix/registry.json
    d /etc/nixos
    l /etc/nscd.conf
    l /etc/nsswitch.conf
    l /etc/os-release
    l /etc/pam/environment
    l /etc/pam.d/chfn
    l /etc/pam.d/chpasswd
    l /etc/pam.d/chsh
    l /etc/pam.d/groupadd
    l /etc/pam.d/groupdel
    l /etc/pam.d/groupmems
    l /etc/pam.d/groupmod
    l /etc/pam.d/login
    l /etc/pam.d/other
    l /etc/pam.d/passwd
    l /etc/pam.d/runuser
    l /etc/pam.d/runuser-l
    l /etc/pam.d/su
    l /etc/pam.d/sudo
    l /etc/pam.d/systemd-user
    l /etc/pam.d/useradd
    l /etc/pam.d/userdel
    l /etc/pam.d/usermod
    l /etc/pam.d/vlock
    f /etc/passwd
    l /etc/pki/tls/certs/ca-bundle.crt
    l /etc/profile
    l /etc/protocols
    l /etc/resolvconf.conf
    l /etc/rpc
    l /etc/services
    l /etc/set-environment
    f /etc/shadow
    l /etc/shells
    l /etc/ssh/ssh_config
    l /etc/ssh/ssh_known_hosts
    l /etc/ssl/certs/ca-bundle.crt
    l /etc/ssl/certs/ca-certificates.crt
    l /etc/ssl/trust-source
    l /etc/static
    f /etc/subgid
    f /etc/subuid
    f /etc/sudoers
    l /etc/sysctl.d/50-coredump.conf
    l /etc/sysctl.d/50-default.conf
    l /etc/sysctl.d/55-nixos-aslr-entropy.conf
    l /etc/sysctl.d/60-nixos.conf
    l /etc/systemd/coredump.conf
    l /etc/systemd/generator-environment.json
    l /etc/systemd/journald.conf
    l /etc/systemd/logind.conf
    l /etc/systemd/network/40-eth1.link
    l /etc/systemd/oomd.conf
    l /etc/systemd/sleep.conf
    l /etc/systemd/system
    l /etc/systemd/system-environment-generators/env-generator
    l /etc/systemd/system-generators
    l /etc/systemd/system-preset/00-nixos.preset
    l /etc/systemd/system-shutdown
    l /etc/systemd/system.conf
    l /etc/systemd/user
    l /etc/systemd/user-generators
    l /etc/systemd/user-preset/00-nixos.preset
    l /etc/systemd/user.conf
    l /etc/terminfo
    d /etc/tmpfiles.d
    l /etc/udev/hwdb.bin
    l /etc/udev/rules.d
    l /etc/vconsole.conf
    l /etc/zoneinfo
    d /lost+found
    d /proc
    d /run
    d /sys
    d /tmp
    l /usr/bin/env
    d /var/lib/nixos
    d /var/tmp
  System { name: "resolvconf", enabled: false }
    f /etc/resolv.conf
  System { name: "systemd", enabled: false }
    f /etc/.updated
    f /var/.updated
    d /var/lib/systemd
    d /var/log/journal
